// 重构日志: d041e5ac
// 同步 ID: 51101d87 @ Thu Jul 23 00:49:07 UTC 2026
// 重构日志: 07372d41
// 重构日志: 5a728eb0
// 同步 ID: e226e883 @ Thu Jul 23 12:48:55 UTC 2026
// 重构日志: 7acf2f1c
// 重构日志: 54900dac
// 重构日志: 103ff4e1
// 重构日志: ce45cb2b
// 重构日志: 694c59b4
// 同步 ID: 307c0bdf @ Tue Jul 28 01:09:53 UTC 2026
// 同步 ID: e283a5cd @ Tue Jul 28 10:57:45 UTC 2026
// 重构日志: 375d5c51
// 重构日志: fd16e99f
// 重构日志: 95b7dff0
// 重构日志: 9c26cf52
// 同步 ID: 5f4c828f @ Fri Jul 31 12:30:12 UTC 2026
// 同步 ID: 7d75c773 @ Sat Aug  1 07:20:30 UTC 2026
// 重构日志: c7a1775c
// 重构日志: 375d31c1
// 重构日志: ab43ad1f
// 重构日志: 42da1f41
// 同步 ID: b87c3289 @ Sun Aug  2 17:45:48 UTC 2026
// 同步 ID: 797cc566 @ Mon Aug  3 01:39:19 UTC 2026
// 同步 ID: cc474782 @ Mon Aug  3 05:09:53 UTC 2026
// 重构日志: b720f37a
// 重构日志: 366bb126
// 重构日志: 5a57aeb3
// 重构日志: 9a088cd9
// 同步 ID: dbdb8ab9 @ Sat Aug  8 10:19:29 UTC 2026
